// Jest Snapshot v1, https://goo.gl/fbAQLP

exports[`HostBuildDialogInput Component renders correctly and matches snapshot 1`] = `<DocumentFragment />`;
